> Task :compileJava UP-TO-DATE
> Task :processResources UP-TO-DATE
> Task :classes UP-TO-DATE
> Task :resolveMainClassName UP-TO-DATE

> Task :bootRun

  .   ____          _            __ _ _
 /\\ / ___'_ __ _ _(_)_ __  __ _ \ \ \ \
( ( )\___ | '_ | '_| | '_ \/ _` | \ \ \ \
 \\/  ___)| |_)| | | | | || (_| |  ) ) ) )
  '  |____| .__|_| |_|_| |_\__, | / / / /
 =========|_|==============|___/=/_/_/_/

 :: Spring Boot ::                (v4.0.2)

2026-02-02T15:26:31.699+09:00  INFO 4300 --- [aba-os-server] [           main] c.a.o.a.AbaOsServerApplication           : Starting AbaOsServerApplication using Java 17.0.18 with PID 4300 (C:\aba-os\aba-back\aba-os-server\build\classes\java\main started by user in C:\aba-os\aba-back\aba-os-server)
2026-02-02T15:26:31.704+09:00  INFO 4300 --- [aba-os-server] [           main] c.a.o.a.AbaOsServerApplication           : No active profile set, falling back to 1 default profile: "default"
2026-02-02T15:26:33.075+09:00  INFO 4300 --- [aba-os-server] [           main] .s.d.r.c.RepositoryConfigurationDelegate : Bootstrapping Spring Data JPA repositories in DEFAULT mode.
2026-02-02T15:26:33.365+09:00  INFO 4300 --- [aba-os-server] [           main] .s.d.r.c.RepositoryConfigurationDelegate : Finished Spring Data repository scanning in 274 ms. Found 8 JPA repository interfaces.
2026-02-02T15:26:34.376+09:00  INFO 4300 --- [aba-os-server] [           main] o.s.boot.tomcat.TomcatWebServer          : Tomcat initialized with port 8080 (http)
2026-02-02T15:26:34.398+09:00  INFO 4300 --- [aba-os-server] [           main] o.apache.catalina.core.StandardService   : Starting service [Tomcat]
2026-02-02T15:26:34.398+09:00  INFO 4300 --- [aba-os-server] [           main] o.apache.catalina.core.StandardEngine    : Starting Servlet engine: [Apache Tomcat/11.0.15]
2026-02-02T15:26:34.533+09:00  INFO 4300 --- [aba-os-server] [           main] b.w.c.s.WebApplicationContextInitializer : Root WebApplicationContext: initialization completed in 2754 ms
2026-02-02T15:26:34.795+09:00  INFO 4300 --- [aba-os-server] [           main] org.hibernate.orm.jpa                    : HHH008540: Processing PersistenceUnitInfo [name: default]
2026-02-02T15:26:34.925+09:00  INFO 4300 --- [aba-os-server] [           main] org.hibernate.orm.core                   : HHH000001: Hibernate ORM core version 7.2.1.Final
2026-02-02T15:26:35.798+09:00  INFO 4300 --- [aba-os-server] [           main] o.s.o.j.p.SpringPersistenceUnitInfo      : No LoadTimeWeaver setup: ignoring JPA class transformer
2026-02-02T15:26:35.869+09:00  INFO 4300 --- [aba-os-server] [           main] com.zaxxer.hikari.HikariDataSource       : HikariPool-1 - Starting...
2026-02-02T15:26:36.183+09:00  INFO 4300 --- [aba-os-server] [           main] com.zaxxer.hikari.pool.HikariPool        : HikariPool-1 - Added connection org.postgresql.jdbc.PgConnection@ea84346
2026-02-02T15:26:36.187+09:00  INFO 4300 --- [aba-os-server] [           main] com.zaxxer.hikari.HikariDataSource       : HikariPool-1 - Start completed.
2026-02-02T15:26:36.250+09:00  WARN 4300 --- [aba-os-server] [           main] org.hibernate.orm.deprecation            : HHH90000025: PostgreSQLDialect does not need to be specified explicitly using 'hibernate.dialect' (remove the property setting and it will be selected by default)
2026-02-02T15:26:36.287+09:00  INFO 4300 --- [aba-os-server] [           main] org.hibernate.orm.connections.pooling    : HHH10001005: Database info:
	Database JDBC URL [jdbc:postgresql://localhost:5432/aba-os]
	Database driver: PostgreSQL JDBC Driver
	Database dialect: PostgreSQLDialect
	Database version: 18.1
	Default catalog/schema: aba-os/public
	Autocommit mode: undefined/unknown
	Isolation level: READ_COMMITTED [default READ_COMMITTED]
	JDBC fetch size: none
	Pool: DataSourceConnectionProvider
	Minimum pool size: undefined/unknown
	Maximum pool size: undefined/unknown
2026-02-02T15:26:38.051+09:00  INFO 4300 --- [aba-os-server] [           main] org.hibernate.orm.core                   : HHH000489: No JTA platform available (set 'hibernate.transaction.jta.platform' to enable JTA platform integration)
2026-02-02T15:26:38.182+09:00  INFO 4300 --- [aba-os-server] [           main] j.LocalContainerEntityManagerFactoryBean : Initialized JPA EntityManagerFactory for persistence unit 'default'
2026-02-02T15:26:38.335+09:00  INFO 4300 --- [aba-os-server] [           main] o.s.d.j.r.query.QueryEnhancerFactories   : Hibernate is in classpath; If applicable, HQL parser will be used.
2026-02-02T15:26:40.930+09:00  WARN 4300 --- [aba-os-server] [           main] JpaBaseConfiguration$JpaWebConfiguration : spring.jpa.open-in-view is enabled by default. Therefore, database queries may be performed during view rendering. Explicitly configure spring.jpa.open-in-view to disable this warning
2026-02-02T15:26:41.239+09:00  WARN 4300 --- [aba-os-server] [           main] .s.a.UserDetailsServiceAutoConfiguration : 

Using generated security password: 3aef4268-b68f-4016-b0fc-f09b56337f83

This generated password is for development use only. Your security configuration must be updated before running your application in production.

2026-02-02T15:26:41.268+09:00  INFO 4300 --- [aba-os-server] [           main] r$InitializeUserDetailsManagerConfigurer : Global AuthenticationManager configured with UserDetailsService bean with name inMemoryUserDetailsManager
2026-02-02T15:26:43.444+09:00  INFO 4300 --- [aba-os-server] [           main] o.s.boot.tomcat.TomcatWebServer          : Tomcat started on port 8080 (http) with context path '/'
2026-02-02T15:26:43.469+09:00  INFO 4300 --- [aba-os-server] [           main] c.a.o.a.AbaOsServerApplication           : Started AbaOsServerApplication in 12.493 seconds (process running for 13.224)
2026-02-02T15:26:43.518+09:00  INFO 4300 --- [aba-os-server] [           main] c.a.o.a.config.DataInitializer           : ========================================
2026-02-02T15:26:43.519+09:00  INFO 4300 --- [aba-os-server] [           main] c.a.o.a.config.DataInitializer           : Starting Test Data Initialization...
2026-02-02T15:26:43.519+09:00  INFO 4300 --- [aba-os-server] [           main] c.a.o.a.config.DataInitializer           : ========================================
2026-02-02T15:26:43.777+09:00 DEBUG 4300 --- [aba-os-server] [           main] org.hibernate.SQL                        : 
    select
        count(*) 
    from
        centers c1_0 
    where
        c1_0.id=?
Hibernate: 
    select
        count(*) 
    from
        centers c1_0 
    where
        c1_0.id=?
2026-02-02T15:26:43.875+09:00  INFO 4300 --- [aba-os-server] [           main] .s.b.a.l.ConditionEvaluationReportLogger : 

Error starting ApplicationContext. To display the condition evaluation report re-run your application with 'debug' enabled.
2026-02-02T15:26:43.917+09:00 ERROR 4300 --- [aba-os-server] [           main] o.s.boot.SpringApplication               : Application run failed

jakarta.persistence.EntityExistsException: Detached entity passed to persist: com.aba.os.abaosserver.domain.Center
	at org.hibernate.internal.ExceptionConverterImpl.convert(ExceptionConverterImpl.java:111) ~[hibernate-core-7.2.1.Final.jar:7.2.1.Final]
	at org.hibernate.internal.ExceptionConverterImpl.convert(ExceptionConverterImpl.java:157) ~[hibernate-core-7.2.1.Final.jar:7.2.1.Final]
	at org.hibernate.internal.ExceptionConverterImpl.convert(ExceptionConverterImpl.java:163) ~[hibernate-core-7.2.1.Final.jar:7.2.1.Final]
	at org.hibernate.internal.SessionImpl.firePersist(SessionImpl.java:696) ~[hibernate-core-7.2.1.Final.jar:7.2.1.Final]
	at org.hibernate.internal.SessionImpl.persist(SessionImpl.java:672) ~[hibernate-core-7.2.1.Final.jar:7.2.1.Final]
	at java.base/jdk.internal.reflect.NativeMethodAccessorImpl.invoke0(Native Method) ~[na:na]
	at java.base/jdk.internal.reflect.NativeMethodAccessorImpl.invoke(NativeMethodAccessorImpl.java:77) ~[na:na]
	at java.base/jdk.internal.reflect.DelegatingMethodAccessorImpl.invoke(DelegatingMethodAccessorImpl.java:43) ~[na:na]
	at java.base/java.lang.reflect.Method.invoke(Method.java:568) ~[na:na]
	at org.springframework.orm.jpa.SharedEntityManagerCreator$SharedEntityManagerInvocationHandler.invoke(SharedEntityManagerCreator.java:317) ~[spring-orm-7.0.3.jar:7.0.3]
	at jdk.proxy2/jdk.proxy2.$Proxy150.persist(Unknown Source) ~[na:na]
	at com.aba.os.abaosserver.config.DataInitializer.createTestCenter(DataInitializer.java:97) ~[main/:na]
	at com.aba.os.abaosserver.config.DataInitializer.run(DataInitializer.java:53) ~[main/:na]
	at java.base/jdk.internal.reflect.NativeMethodAccessorImpl.invoke0(Native Method) ~[na:na]
	at java.base/jdk.internal.reflect.NativeMethodAccessorImpl.invoke(NativeMethodAccessorImpl.java:77) ~[na:na]
	at java.base/jdk.internal.reflect.DelegatingMethodAccessorImpl.invoke(DelegatingMethodAccessorImpl.java:43) ~[na:na]
	at java.base/java.lang.reflect.Method.invoke(Method.java:568) ~[na:na]
	at org.springframework.aop.support.AopUtils.invokeJoinpointUsingReflection(AopUtils.java:359) ~[spring-aop-7.0.3.jar:7.0.3]
	at org.springframework.aop.framework.ReflectiveMethodInvocation.invokeJoinpoint(ReflectiveMethodInvocation.java:190) ~[spring-aop-7.0.3.jar:7.0.3]
	at org.springframework.aop.framework.ReflectiveMethodInvocation.proceed(ReflectiveMethodInvocation.java:158) ~[spring-aop-7.0.3.jar:7.0.3]
	at org.springframework.transaction.interceptor.TransactionInterceptor$1.proceedWithInvocation(TransactionInterceptor.java:133) ~[spring-tx-7.0.3.jar:7.0.3]
	at org.springframework.transaction.interceptor.TransactionAspectSupport.invokeWithinTransaction(TransactionAspectSupport.java:371) ~[spring-tx-7.0.3.jar:7.0.3]
	at org.springframework.transaction.interceptor.TransactionInterceptor.invoke(TransactionInterceptor.java:130) ~[spring-tx-7.0.3.jar:7.0.3]
	at org.springframework.aop.framework.ReflectiveMethodInvocation.proceed(ReflectiveMethodInvocation.java:179) ~[spring-aop-7.0.3.jar:7.0.3]
	at org.springframework.aop.framework.CglibAopProxy$DynamicAdvisedInterceptor.intercept(CglibAopProxy.java:719) ~[spring-aop-7.0.3.jar:7.0.3]
	at com.aba.os.abaosserver.config.DataInitializer$$SpringCGLIB$$0.run(<generated>) ~[main/:na]
	at org.springframework.boot.SpringApplication.lambda$callRunner$1(SpringApplication.java:792) ~[spring-boot-4.0.2.jar:4.0.2]
	at org.springframework.util.function.ThrowingConsumer$1.acceptWithException(ThrowingConsumer.java:82) ~[spring-core-7.0.3.jar:7.0.3]
	at org.springframework.util.function.ThrowingConsumer.accept(ThrowingConsumer.java:60) ~[spring-core-7.0.3.jar:7.0.3]
	at org.springframework.util.function.ThrowingConsumer$1.accept(ThrowingConsumer.java:86) ~[spring-core-7.0.3.jar:7.0.3]
	at org.springframework.boot.SpringApplication.callRunner(SpringApplication.java:800) ~[spring-boot-4.0.2.jar:4.0.2]
	at org.springframework.boot.SpringApplication.callRunner(SpringApplication.java:791) ~[spring-boot-4.0.2.jar:4.0.2]
	at org.springframework.boot.SpringApplication.lambda$callRunners$0(SpringApplication.java:776) ~[spring-boot-4.0.2.jar:4.0.2]
	at java.base/java.util.stream.ForEachOps$ForEachOp$OfRef.accept(ForEachOps.java:183) ~[na:na]
	at java.base/java.util.stream.SortedOps$SizedRefSortingSink.end(SortedOps.java:357) ~[na:na]
	at java.base/java.util.stream.AbstractPipeline.copyInto(AbstractPipeline.java:510) ~[na:na]
	at java.base/java.util.stream.AbstractPipeline.wrapAndCopyInto(AbstractPipeline.java:499) ~[na:na]
	at java.base/java.util.stream.ForEachOps$ForEachOp.evaluateSequential(ForEachOps.java:150) ~[na:na]
	at java.base/java.util.stream.ForEachOps$ForEachOp$OfRef.evaluateSequential(ForEachOps.java:173) ~[na:na]
	at java.base/java.util.stream.AbstractPipeline.evaluate(AbstractPipeline.java:234) ~[na:na]
	at java.base/java.util.stream.ReferencePipeline.forEach(ReferencePipeline.java:596) ~[na:na]
	at org.springframework.boot.SpringApplication.callRunners(SpringApplication.java:776) ~[spring-boot-4.0.2.jar:4.0.2]
	at org.springframework.boot.SpringApplication.run(SpringApplication.java:328) ~[spring-boot-4.0.2.jar:4.0.2]
	at org.springframework.boot.SpringApplication.run(SpringApplication.java:1365) ~[spring-boot-4.0.2.jar:4.0.2]
	at org.springframework.boot.SpringApplication.run(SpringApplication.java:1354) ~[spring-boot-4.0.2.jar:4.0.2]
	at com.aba.os.abaosserver.AbaOsServerApplication.main(AbaOsServerApplication.java:10) ~[main/:na]
Caused by: org.hibernate.PersistentObjectException: Detached entity passed to persist: com.aba.os.abaosserver.domain.Center
	at org.hibernate.event.internal.DefaultPersistEventListener.persist(DefaultPersistEventListener.java:84) ~[hibernate-core-7.2.1.Final.jar:7.2.1.Final]
	at org.hibernate.event.internal.DefaultPersistEventListener.onPersist(DefaultPersistEventListener.java:73) ~[hibernate-core-7.2.1.Final.jar:7.2.1.Final]
	at org.hibernate.event.internal.DefaultPersistEventListener.onPersist(DefaultPersistEventListener.java:49) ~[hibernate-core-7.2.1.Final.jar:7.2.1.Final]
	at org.hibernate.event.service.internal.EventListenerGroupImpl.fireEventOnEachListener(EventListenerGroupImpl.java:138) ~[hibernate-core-7.2.1.Final.jar:7.2.1.Final]
	at org.hibernate.internal.SessionImpl.firePersist(SessionImpl.java:689) ~[hibernate-core-7.2.1.Final.jar:7.2.1.Final]
	... 42 common frames omitted

2026-02-02T15:26:43.940+09:00  INFO 4300 --- [aba-os-server] [           main] o.s.boot.tomcat.GracefulShutdown         : Commencing graceful shutdown. Waiting for active requests to complete
2026-02-02T15:26:45.364+09:00  INFO 4300 --- [aba-os-server] [tomcat-shutdown] o.s.boot.tomcat.GracefulShutdown         : Graceful shutdown complete
2026-02-02T15:26:45.434+09:00  INFO 4300 --- [aba-os-server] [           main] j.LocalContainerEntityManagerFactoryBean : Closing JPA EntityManagerFactory for persistence unit 'default'
2026-02-02T15:26:45.440+09:00  INFO 4300 --- [aba-os-server] [           main] com.zaxxer.hikari.HikariDataSource       : HikariPool-1 - Shutdown initiated...
2026-02-02T15:26:45.454+09:00  INFO 4300 --- [aba-os-server] [           main] com.zaxxer.hikari.HikariDataSource       : HikariPool-1 - Shutdown completed.

> Task :bootRun FAILED

FAILURE: Build failed with an exception.

* What went wrong:
Execution failed for task ':bootRun'.
> Process 'command 'C:\Program Files\Java\jdk-17.0.18\bin\java.exe'' finished with non-zero exit value 1

* Try:
> Run with --stacktrace option to get the stack trace.
> Run with --info or --debug option to get more log output.
> Run with --scan to get full insights from a Build Scan (powered by Develocity).
> Get more help at https://help.gradle.org.

BUILD FAILED in 19s
4 actionable tasks: 1 executed, 3 up-to-date
